
[1m[46m RUN [49m[22m [36mv3.2.6 [39m[90mC:/Users/trinh.viet.anh/Sun_Project/my-app[39m

 [32m✓[39m lib/test-login.test.ts [2m([22m[2m6 tests[22m[2m)[22m[32m 7[2mms[22m[39m
 [32m✓[39m lib/locale.test.ts [2m([22m[2m38 tests[22m[2m)[22m[32m 18[2mms[22m[39m
 [32m✓[39m app/sun-kudos/write-kudo/write-kudo-validation.test.ts [2m([22m[2m56 tests[22m[2m)[22m[32m 28[2mms[22m[39m
 [32m✓[39m app/login/actions.test.ts [2m([22m[2m22 tests[22m[2m)[22m[32m 70[2mms[22m[39m
 [32m✓[39m app/sun-kudos/kudos-filter.test.ts [2m([22m[2m58 tests[22m[2m)[22m[32m 46[2mms[22m[39m
 [32m✓[39m app/auth/callback/route.test.ts [2m([22m[2m28 tests[22m[2m)[22m[32m 60[2mms[22m[39m
 [32m✓[39m components/site-header.test.ts [2m([22m[2m3 tests[22m[2m)[22m[32m 13[2mms[22m[39m
 [32m✓[39m app/home/page.test.ts [2m([22m[2m5 tests[22m[2m)[22m[32m 19[2mms[22m[39m

[2m Test Files [22m [1m[32m8 passed[39m[22m[90m (8)[39m
[2m      Tests [22m [1m[32m216 passed[39m[22m[90m (216)[39m
[2m   Start at [22m 09:43:39
[2m   Duration [22m 2.15s[2m (transform 1.64s, setup 0ms, collect 4.01s, tests 260ms, environment 4ms, prepare 2.44s)[22m

